// Jest Snapshot v1, https://goo.gl/fbAQLP

exports[`render component should render component 1`] = `
Array [
  <useUserAuth>
    <Login />
  </useUserAuth>,
]
`;
